411 22:05:07.488547 --- Starting bitbake server pid 411 at 2025-08-24 22:05:07.488532 ---
411 22:05:07.489025 Started bitbake server pid 411
411 22:05:07.489134 Entering server connection loop
411 22:05:07.489144 Lockfile is: /yocto_qemuarm-proj/build/bitbake.lock
Socket is /yocto_qemuarm-proj/build/bitbake.sock (True)
411 22:05:07.489473 Accepting [<socket.socket fd=6, family=AddressFamily.AF_UNIX, type=SocketKind.SOCK_STREAM, proto=0, laddr=bitbake.sock>] ([])
411 22:05:07.490200 Processing Client
411 22:05:07.490229 Connecting Client
411 22:05:07.490397 Running command ['setFeatures', [2, 1]]
411 22:05:07.490416 Sending reply (None, None)
411 22:05:07.490447 Command Completed (socket: True)
411 22:05:07.490793 Running command ['updateConfig', {'halt': True, 'force': False, 'invalidate_stamp': None, 'dry_run': False, 'dump_signatures': [], 'extra_assume_provided': [], 'profile': False, 'prefile': [], 'postfile': [], 'server_timeout': None, 'nosetscene': False, 'setsceneonly': False, 'skipsetscene': False, 'runall': [], 'runonly': None, 'writeeventlog': None, 'build_verbose_shell': False, 'build_verbose_stdout': False, 'default_loglevel': 20, 'debug_domains': {}}, {'LC_ALL': 'en_US.UTF-8', 'HOME': '/tmp/tmpjx_9hxgt', 'BB_ENV_PASSTHROUGH_ADDITIONS': 'ALL_PROXY BBPATH_EXTRA BB_LOGCONFIG BB_NO_NETWORK BB_NUMBER_THREADS BB_SETSCENE_ENFORCE BB_SRCREV_POLICY DISTRO FTPS_PROXY FTP_PROXY GIT_PROXY_COMMAND HTTPS_PROXY HTTP_PROXY MACHINE NO_PROXY PARALLEL_MAKE SCREENDIR SDKMACHINE SOCKS5_PASSWD SOCKS5_USER SSH_AGENT_PID SSH_AUTH_SOCK STAMPS_DIR TCLIBC TCMODE all_proxy ftp_proxy ftps_proxy http_proxy https_proxy no_proxy  SSTATE_DIR SSTATE_MIRRORS DL_DIR TMPDIR', 'PWD': '/yocto_qemuarm-proj/build', 'BBPATH': '/yocto_qemuarm-proj/build', 'PATH': '/yocto_qemuarm-proj/poky/scripts:/yocto_qemuarm-proj/poky/bitbake/bin:/usr/sbin:/usr/bin:/sbin:/bin', 'LANG': 'en_US.UTF-8', 'LANGUAGE': 'en_US:en', 'OE_ADDED_PATHS': '/yocto_qemuarm-proj/poky/scripts:/yocto_qemuarm-proj/poky/bitbake/bin:', 'PYTHONPATH': '/yocto_qemuarm-proj/poky/bitbake/lib:', 'SHLVL': '1', 'BUILDDIR': '/yocto_qemuarm-proj/build', 'OLDPWD': '/yocto_qemuarm-proj/poky', '_': '/usr/bin/env', 'TERM': 'xterm'}, ['/yocto_qemuarm-proj/poky/bitbake/bin/bitbake', '-c', 'build', 'core-image-minimal']]
411 22:05:07.876836 Base config valid
411 22:05:07.987354 Sending reply (None, None)
411 22:05:07.987529 Command Completed (socket: True)
411 22:05:07.987835 Running command ['getVariable', 'BBINCLUDELOGS']
411 22:05:07.987945 Sending reply ('yes', None)
411 22:05:07.987995 Command Completed (socket: True)
411 22:05:07.988281 Running command ['getVariable', 'BBINCLUDELOGS_LINES']
411 22:05:07.988343 Sending reply (None, None)
411 22:05:07.988414 Command Completed (socket: True)
411 22:05:07.988585 Running command ['getSetVariable', 'BB_CONSOLELOG']
411 22:05:07.988726 Sending reply ('/yocto_qemuarm-proj/build/tmp/log/cooker/qemuarm64/20250824220507.log', None)
411 22:05:07.988774 Command Completed (socket: True)
411 22:05:07.988835 Running command ['getSetVariable', 'BB_LOGCONFIG']
411 22:05:07.988866 Sending reply (None, None)
411 22:05:07.988900 Command Completed (socket: True)
411 22:05:07.991108 Running command ['getUIHandlerNum']
411 22:05:07.991163 Sending reply (1, None)
411 22:05:07.991239 Command Completed (socket: True)
411 22:05:07.991549 Running command ['setEventMask', 1, 20, {'BitBake.SigGen.HashEquiv': 19, 'BitBake.RunQueue.HashEquiv': 19}, ['bb.runqueue.runQueueExitWait', 'bb.event.LogExecTTY', 'logging.LogRecord', 'bb.build.TaskFailed', 'bb.build.TaskBase', 'bb.event.ParseStarted', 'bb.event.ParseProgress', 'bb.event.ParseCompleted', 'bb.event.CacheLoadStarted', 'bb.event.CacheLoadProgress', 'bb.event.CacheLoadCompleted', 'bb.command.CommandFailed', 'bb.command.CommandExit', 'bb.command.CommandCompleted', 'bb.cooker.CookerExit', 'bb.event.MultipleProviders', 'bb.event.NoProvider', 'bb.runqueue.sceneQueueTaskStarted', 'bb.runqueue.runQueueTaskStarted', 'bb.runqueue.runQueueTaskFailed', 'bb.runqueue.sceneQueueTaskFailed', 'bb.event.BuildBase', 'bb.build.TaskStarted', 'bb.build.TaskSucceeded', 'bb.build.TaskFailedSilent', 'bb.build.TaskProgress', 'bb.event.ProcessStarted', 'bb.event.ProcessProgress', 'bb.event.ProcessFinished']]
411 22:05:07.991600 Sending reply (True, None)
411 22:05:07.991669 Command Completed (socket: True)
411 22:05:07.991852 Running command ['setConfig', 'cmd', 'build']
411 22:05:07.991879 Sending reply (None, None)
411 22:05:07.991924 Command Completed (socket: True)
411 22:05:07.992227 Running command ['buildTargets', ['core-image-minimal'], 'build']
411 22:05:07.992337 Registering idle function <bound method Command.runAsyncCommand of <bb.command.Command object at 0x753ab28a8190>>
411 22:05:07.992352 Sending reply (True, None)
411 22:05:07.992415 Command Completed (socket: True)
411 22:05:08.005493 Parsing started
411 22:05:08.012618 Removing idle function <bound method Command.runAsyncCommand of <bb.command.Command object at 0x753ab28a8190>> at idleFinish
411 22:05:08.263555 Processing Client
411 22:05:08.263629 Disconnecting Client (socket: True)
411 22:05:08.263777 No timeout, exiting.
411 22:05:08.364083 Exiting (socket: True)
411 22:05:08.373984 Exiting as we could obtain the lock
sys:1: ResourceWarning: unclosed file <_io.TextIOWrapper name='/yocto_qemuarm-proj/build/bitbake-cookerdaemon.log' mode='a+' encoding='UTF-8'>
